This is XeTeX, Version 3.141592653-2.6-0.999998 (MiKTeX 26.5) (preloaded format=xelatex 2026.6.27)  14 JUL 2026 06:05
entering extended mode
 restricted \write18 enabled.
 file:line:error style messages enabled.
 %&-line parsing enabled.
**"d:/Academics/2-1/Lab Reports/ME 2130 ~ FRB/src/main.tex"

! Emergency stop.
<to be read again> 
                   \protect 
<*> "d:/Academics/2-1/Lab Reports/ME 2130 ~
                                            FRB/src/main.tex"
*** (job aborted, file error in nonstop mode)

 
Here is how much of TeX's memory you used:
 4 strings out of 402628
 153 string characters out of 5443460
 428017 words of memory out of 5000000
 29160 multiletter control sequences out of 15000+600000
 627721 words of font info for 40 fonts, out of 8000000 for 9000
 1348 hyphenation exceptions out of 8191
 2i,0n,0p,1b,6s stack positions out of 10000i,1000n,20000p,200000b,200000s
No pages of output.
