INFO:  latexindent.pl version 4.0.1, 2026-05-04, a script to indent .tex files
       latexindent.pl lives here: C:/Program Files/MiKTeX/scripts/latexindent/
       Mon Jul 20 04:26:55 2026
       Filename: d:/Academics/2-1/Lab Reports/ME 2130 ~ FRB/src/lab-01/sections/__latexindent_temp_object-3.tex
INFO:  Processing switches:
       -y|--yaml: YAML settings specified via command line
       -c|--cruft: cruft directory
INFO:  Directory for backup files and log file d:\Academics\2-1\Lab Reports\ME 2130 ~ FRB\src\indent.log:
       d:\Academics\2-1\Lab Reports\ME 2130 ~ FRB\src\
INFO:  Perl modules are being loaded from the following directories:
       C:/Strawberry/perl/lib/FindBin.pm
       C:/Strawberry/perl/vendor/lib/YAML/Tiny.pm
       C:/Strawberry/perl/lib/File/Copy.pm
       C:/Strawberry/perl/lib/File/Basename.pm
       C:/Strawberry/perl/lib/Getopt/Long.pm
       C:/Strawberry/perl/vendor/lib/File/HomeDir.pm
INFO:  LatexIndent perl modules are being loaded from, for example:
       C:/Program Files/MiKTeX/scripts/latexindent/LatexIndent/Document.pm
INFO:  YAML settings read: defaultSettings.yaml
       Reading defaultSettings.yaml from C:/Program Files/MiKTeX/scripts/latexindent/defaultSettings.yaml
INFO:  YAML reading settings
       Home directory is C:\Users\tanim
       latexindent.pl didn't find indentconfig.yaml or .indentconfig.yaml
       see all possible locations: https://latexindentpl.readthedocs.io/en/latest/sec-appendices.html#indentconfig-options
INFO:  YAML settings read: -y switch
       YAML setting: defaultIndent:'\t'
       single-quoted string found in -y switch: '\t', substitute to 	
       Updating mainSetting with defaultIndent: 	
INFO:  Output routine:
       Not outputting to file; see -w and -o switches for more options.
       --------------
INFO:  Please direct all communication/issues to:
       https://github.com/cmhughes/latexindent.pl
       documentation: https://latexindentpl.readthedocs.io/en/latest/
